---
source: src/pre_push/publication_attempt/github/observation.rs
expression: later
---
query { repository(owner: "owner", name: "repository") { op0: pullRequests(headRefName: "Gone", first: 1, after: "next", states: [OPEN]) { nodes { number, id, title, body, baseRefName, baseRefOid, headRefName, headRefOid, state, isCrossRepository, autoMergeRequest { enabledAt }, isInMergeQueue, isDraft } pageInfo { hasNextPage, endCursor } } } }
