---
source: tests/pre_push/policy/mod.rs
expression: content
---
EXIT_CODE: 1

STDOUT:
(empty)

STDERR:
[gherrit] Branch lonely-branch is MANAGED. Syncing stack...
[gherrit] [ERROR] Failed to collect commits: The publication remote's default branch `main` at [SHA_1] is not an ancestor of `lonely-branch`.
[gherrit] [ERROR] GHerrit refuses to substitute a local or stale default-branch ref.
[gherrit] [ERROR] Fetch and rebase the stack onto `origin/main` before pushing.
