---
source: tests/pre_push/publication.rs
expression: content
---
EXIT_CODE: 0

STDOUT:
(empty)

STDERR:
[gherrit] Branch batch-backoff is MANAGED. Publishing stack...
[gherrit] [WARN] Using custom GitHub API URL: [MOCK_SERVER_URL]
[gherrit] [WARN] Backing off exact-local GraphQL aliases from 4 to 2.
[gherrit] Successfully published 4 commits.
