---
source: tests/pre_push/publication.rs
expression: ctx.github().requests()
---
[
    [
        Query,
        Query,
        Query,
        Query,
    ],
    [
        Query,
        Query,
    ],
    [
        Query,
        Query,
    ],
    [
        UpdatePr,
        UpdatePr,
        UpdatePr,
        UpdatePr,
    ],
    [
        UpdatePr,
        UpdatePr,
    ],
    [
        UpdatePr,
        UpdatePr,
    ],
]
