---
source: tests/pre_push/publication.rs
expression: content
---
EXIT_CODE: 0

STDOUT:
(empty)

STDERR:
[gherrit] Branch batch-backoff is MANAGED. Syncing stack...
[gherrit] [WARN] Using custom GitHub API URL: [MOCK_SERVER_URL]
[gherrit] [WARN] Hit GitHub resource limit with GraphQL batch of size 4
[gherrit] [WARN] Backing off GraphQL batch size from 4 to 2.
[gherrit] Pushing chunk to remote...
[gherrit] Creating 4 PRs...
[gherrit] Created 4 PRs.
[gherrit] Created PR #1: https://github.com/owner/repo/pull/1
[gherrit] Created PR #2: https://github.com/owner/repo/pull/2
[gherrit] Created PR #3: https://github.com/owner/repo/pull/3
[gherrit] Created PR #4: https://github.com/owner/repo/pull/4
[gherrit] Pushing chunk to remote...
[gherrit] Queued update for PR #1: https://github.com/owner/repo/pull/1
[gherrit] Queued update for PR #2: https://github.com/owner/repo/pull/2
[gherrit] Queued update for PR #3: https://github.com/owner/repo/pull/3
[gherrit] Queued update for PR #4: https://github.com/owner/repo/pull/4
[gherrit] Updating 4 PRs...
[gherrit] Updated 4 PRs.
[gherrit] Successfully synced 4 commits.
