---
source: tests/pre_push/publication.rs
assertion_line: 461
expression: requests
---
[
    [
        Query,
        Query,
        Query,
        Query,
    ],
    [
        Query,
        Query,
    ],
    [
        Query,
        Query,
    ],
    [
        CreatePr,
        CreatePr,
        CreatePr,
        CreatePr,
    ],
    [
        UpdatePr,
        UpdatePr,
        UpdatePr,
        UpdatePr,
    ],
]
