---
source: tests/pre_push/publication.rs
expression: content
---
EXIT_CODE: 1

STDOUT:
(empty)

STDERR:
[gherrit] Branch feature-conflict is MANAGED. Syncing stack...
[gherrit] [WARN] Using custom GitHub API URL: [MOCK_SERVER_URL]
[gherrit] [ERROR] Remote publication for '[GHERRIT_ID_1]' advanced to v2 since this checkout's last observed version. Run `git fetch origin 'refs/tags/gherrit/[GHERRIT_ID_1]/*:refs/tags/gherrit/[GHERRIT_ID_1]/*'` and rebase before retrying.
