---
source: tests/pre_push/publication.rs
expression: content
---
EXIT_CODE: 0

STDOUT:
(empty)

STDERR:
[gherrit] Branch feat-versioning is MANAGED. Syncing stack...
[gherrit] [WARN] Using custom GitHub API URL: [MOCK_SERVER_URL]
[gherrit] Pushing chunk to remote...
[gherrit] Pushing chunk to remote...
[gherrit] Successfully synced 1 commits.
