---
source: tests/pre_push/publication.rs
expression: content
---
EXIT_CODE: 0

STDOUT:
(empty)

STDERR:
[gherrit] Branch batch-backoff is MANAGED. Syncing stack...
[gherrit] [WARN] Using custom GitHub API URL: [MOCK_SERVER_URL]
[gherrit] [WARN] Hit GitHub resource limit with GraphQL batch of size 4
[gherrit] [WARN] Backing off GraphQL batch size from 4 to 2.
[gherrit] Pushing chunk to remote...
[gherrit] Pushing chunk to remote...
[gherrit] Successfully synced 4 commits.
