---
source: tests/pre_push/failures/mod.rs
expression: content
---
EXIT_CODE: 1

STDOUT:
(empty)

STDERR:
[gherrit] Branch feature-fail is MANAGED. Syncing stack...
[gherrit] [WARN] Using custom GitHub API URL: [MOCK_SERVER_URL]
[gherrit] [ERROR] Command "git" "ls-remote" "broken-remote" "refs/heads/[GHERRIT_ID_1]" failed with status: exit status: 128. Stderr: fatal: 'missing/repo.git' does not appear to be a git repository
[gherrit] [ERROR] fatal: Could not read from remote repository.
[gherrit] [ERROR]
[gherrit] [ERROR] Please make sure you have the correct access rights
[gherrit] [ERROR] and the repository exists.
