---
source: tests/pre_push/failures/mod.rs
expression: content
---
EXIT_CODE: 1

STDOUT:
(empty)

STDERR:
[gherrit] Branch feature-fail is MANAGED. Syncing stack...
[gherrit] [WARN] Using custom GitHub API URL: [MOCK_SERVER_URL]
[gherrit] [ERROR] `git ls-remote` failed for GHerrit remote 'broken-remote'
